// Jest Snapshot v1, https://goo.gl/fbAQLP

exports[`snapshot : name 없음 1`] = `
<div>
  <button>
    Login
  </button>
</div>
`;

exports[`snapshot : name 있음 1`] = `
<div>
  <h1>
    Hello! 
    Tom
  </h1>
</div>
`;
