// Jest Snapshot v1, https://goo.gl/fbAQLP

exports[`초 표시 1`] = `
<div>
  <p>
    현재 
    36
    초 입니다.
  </p>
</div>
`;
